<?xml version="1.0" encoding="UTF-8" standalone="no" ?>
<testsuites>
  <testsuite errors="0" failures="0" name="arrayProductTest" skipped="0" tests="5" time="0.073513">
    <testcase classname="arrayProductTest" name="validateCalculationResult" time="0.034829"/>
    <testcase classname="arrayProductTest" name="validateNumberOfInputs" time="0.014951"/>
    <testcase classname="arrayProductTest" name="validateMultiplierDatatype" time="0.004704"/>
    <testcase classname="arrayProductTest" name="validateMatrixDatatype" time="0.0043663"/>
    <testcase classname="arrayProductTest" name="validateMatrixAsRowVector" time="0.014663"/>
  </testsuite>
</testsuites>
